C:/TouchGFXProjects/TestApp_2/Middlewares/Third_Party/LibJPEG/source/jchuff.c:269:1:dump_buffer_s	16	static
C:/TouchGFXProjects/TestApp_2/Middlewares/Third_Party/LibJPEG/source/jchuff.c:284:1:dump_buffer_e	16	static
C:/TouchGFXProjects/TestApp_2/Middlewares/Third_Party/LibJPEG/source/jchuff.c:307:1:emit_bits_s	24	static
C:/TouchGFXProjects/TestApp_2/Middlewares/Third_Party/LibJPEG/source/jchuff.c:346:1:emit_bits_e	24	static
C:/TouchGFXProjects/TestApp_2/Middlewares/Third_Party/LibJPEG/source/jchuff.c:386:1:flush_bits_s	8	static
C:/TouchGFXProjects/TestApp_2/Middlewares/Third_Party/LibJPEG/source/jchuff.c:397:1:flush_bits_e	8	static
C:/TouchGFXProjects/TestApp_2/Middlewares/Third_Party/LibJPEG/source/jchuff.c:411:1:emit_dc_symbol	8	static
C:/TouchGFXProjects/TestApp_2/Middlewares/Third_Party/LibJPEG/source/jchuff.c:424:1:emit_ac_symbol	8	static
C:/TouchGFXProjects/TestApp_2/Middlewares/Third_Party/LibJPEG/source/jchuff.c:440:1:emit_buffered_bits	16	static
C:/TouchGFXProjects/TestApp_2/Middlewares/Third_Party/LibJPEG/source/jchuff.c:459:1:emit_eobrun	16	static
C:/TouchGFXProjects/TestApp_2/Middlewares/Third_Party/LibJPEG/source/jchuff.c:490:1:emit_restart_s	16	static
C:/TouchGFXProjects/TestApp_2/Middlewares/Third_Party/LibJPEG/source/jchuff.c:511:1:emit_restart_e	16	static
C:/TouchGFXProjects/TestApp_2/Middlewares/Third_Party/LibJPEG/source/jchuff.c:541:1:encode_mcu_DC_first	40	static
C:/TouchGFXProjects/TestApp_2/Middlewares/Third_Party/LibJPEG/source/jchuff.c:628:1:encode_mcu_AC_first	56	static
C:/TouchGFXProjects/TestApp_2/Middlewares/Third_Party/LibJPEG/source/jchuff.c:739:1:encode_mcu_DC_refine	24	static
C:/TouchGFXProjects/TestApp_2/Middlewares/Third_Party/LibJPEG/source/jchuff.c:786:1:encode_mcu_AC_refine	312	static
C:/TouchGFXProjects/TestApp_2/Middlewares/Third_Party/LibJPEG/source/jchuff.c:916:1:encode_one_block	48	static
C:/TouchGFXProjects/TestApp_2/Middlewares/Third_Party/LibJPEG/source/jchuff.c:1016:1:encode_mcu_huff	72	static
C:/TouchGFXProjects/TestApp_2/Middlewares/Third_Party/LibJPEG/source/jchuff.c:1073:1:finish_pass_huff	56	static
C:/TouchGFXProjects/TestApp_2/Middlewares/Third_Party/LibJPEG/source/jchuff.c:1122:1:htest_one_block	48	static
C:/TouchGFXProjects/TestApp_2/Middlewares/Third_Party/LibJPEG/source/jchuff.c:1197:1:encode_mcu_gather	40	static
C:/TouchGFXProjects/TestApp_2/Middlewares/Third_Party/LibJPEG/source/jchuff.c:161:1:jpeg_make_c_derived_tbl	1328	static
C:/TouchGFXProjects/TestApp_2/Middlewares/Third_Party/LibJPEG/source/jchuff.c:1451:1:start_pass_huff	32	static
C:/TouchGFXProjects/TestApp_2/Middlewares/Third_Party/LibJPEG/source/jchuff.c:1256:1:jpeg_gen_optimal_table	2120	static
C:/TouchGFXProjects/TestApp_2/Middlewares/Third_Party/LibJPEG/source/jchuff.c:1397:1:finish_pass_gather	56	static
C:/TouchGFXProjects/TestApp_2/Middlewares/Third_Party/LibJPEG/source/jchuff.c:1557:1:jinit_huff_encoder	8	static
