C:/TouchGFXProjects/TestApp_2/Middlewares/Third_Party/LibJPEG/source/jdcoefct.c:80:1:start_iMCU_row	0	static
C:/TouchGFXProjects/TestApp_2/Middlewares/Third_Party/LibJPEG/source/jdcoefct.c:108:1:start_input_pass	8	static
C:/TouchGFXProjects/TestApp_2/Middlewares/Third_Party/LibJPEG/source/jdcoefct.c:230:1:dummy_consume_data	0	static
C:/TouchGFXProjects/TestApp_2/Middlewares/Third_Party/LibJPEG/source/jdcoefct.c:246:1:consume_data	56	static
C:/TouchGFXProjects/TestApp_2/Middlewares/Third_Party/LibJPEG/source/jdcoefct.c:317:1:decompress_data	72	static
C:/TouchGFXProjects/TestApp_2/Middlewares/Third_Party/LibJPEG/source/jdcoefct.c:407:1:smoothing_ok	16	static
C:/TouchGFXProjects/TestApp_2/Middlewares/Third_Party/LibJPEG/source/jdcoefct.c:120:1:start_output_pass	16	static
C:/TouchGFXProjects/TestApp_2/Middlewares/Third_Party/LibJPEG/source/jdcoefct.c:148:1:decompress_onepass	88	static
C:/TouchGFXProjects/TestApp_2/Middlewares/Third_Party/LibJPEG/source/jdcoefct.c:463:1:decompress_smooth_data	288	static
C:/TouchGFXProjects/TestApp_2/Middlewares/Third_Party/LibJPEG/source/jdcoefct.c:678:1:jinit_d_coef_controller	40	static
