C:/TouchGFXProjects/TestApp_2/Middlewares/Third_Party/LibJPEG/source/jdmainct.c:157:1:alloc_funny_pointers	32	static
C:/TouchGFXProjects/TestApp_2/Middlewares/Third_Party/LibJPEG/source/jdmainct.c:195:1:make_funny_pointers	32	static
C:/TouchGFXProjects/TestApp_2/Middlewares/Third_Party/LibJPEG/source/jdmainct.c:238:1:set_wraparound_pointers	32	static
C:/TouchGFXProjects/TestApp_2/Middlewares/Third_Party/LibJPEG/source/jdmainct.c:266:1:set_bottom_pointers	20	static
C:/TouchGFXProjects/TestApp_2/Middlewares/Third_Party/LibJPEG/source/jdmainct.c:307:1:start_pass_main	8	static
C:/TouchGFXProjects/TestApp_2/Middlewares/Third_Party/LibJPEG/source/jdmainct.c:345:1:process_data_simple_main	48	static
C:/TouchGFXProjects/TestApp_2/Middlewares/Third_Party/LibJPEG/source/jdmainct.c:385:1:process_data_context_main	48	static
C:/TouchGFXProjects/TestApp_2/Middlewares/Third_Party/LibJPEG/source/jdmainct.c:459:1:process_data_crank_post	24	static
C:/TouchGFXProjects/TestApp_2/Middlewares/Third_Party/LibJPEG/source/jdmainct.c:476:1:jinit_d_main_controller	32	static
