C:/TouchGFXProjects/TestApp_2/Middlewares/Third_Party/LibJPEG/source/jquant2.c:225:1:prescan_quantize	24	static
C:/TouchGFXProjects/TestApp_2/Middlewares/Third_Party/LibJPEG/source/jquant2.c:274:1:find_biggest_color_pop	8	static
C:/TouchGFXProjects/TestApp_2/Middlewares/Third_Party/LibJPEG/source/jquant2.c:294:1:find_biggest_volume	4	static
C:/TouchGFXProjects/TestApp_2/Middlewares/Third_Party/LibJPEG/source/jquant2.c:314:1:update_box	32	static
C:/TouchGFXProjects/TestApp_2/Middlewares/Third_Party/LibJPEG/source/jquant2.c:425:1:median_cut	56	static
C:/TouchGFXProjects/TestApp_2/Middlewares/Third_Party/LibJPEG/source/jquant2.c:500:1:compute_color	56	static
C:/TouchGFXProjects/TestApp_2/Middlewares/Third_Party/LibJPEG/source/jquant2.c:540:1:select_colors	24	static
C:/TouchGFXProjects/TestApp_2/Middlewares/Third_Party/LibJPEG/source/jquant2.c:647:1:find_nearby_colors	1088	static
C:/TouchGFXProjects/TestApp_2/Middlewares/Third_Party/LibJPEG/source/jquant2.c:776:1:find_best_colors	584	static
C:/TouchGFXProjects/TestApp_2/Middlewares/Third_Party/LibJPEG/source/jquant2.c:856:1:fill_inverse_cmap	448	static
C:/TouchGFXProjects/TestApp_2/Middlewares/Third_Party/LibJPEG/source/jquant2.c:916:1:pass2_no_dither	56	static
C:/TouchGFXProjects/TestApp_2/Middlewares/Third_Party/LibJPEG/source/jquant2.c:950:1:pass2_fs_dither	136	static
C:/TouchGFXProjects/TestApp_2/Middlewares/Third_Party/LibJPEG/source/jquant2.c:1109:1:init_error_limit	8	static
C:/TouchGFXProjects/TestApp_2/Middlewares/Third_Party/LibJPEG/source/jquant2.c:1144:1:finish_pass1	8	static
C:/TouchGFXProjects/TestApp_2/Middlewares/Third_Party/LibJPEG/source/jquant2.c:1157:1:finish_pass2	0	static
C:/TouchGFXProjects/TestApp_2/Middlewares/Third_Party/LibJPEG/source/jquant2.c:1231:1:new_color_map_2_quant	0	static
C:/TouchGFXProjects/TestApp_2/Middlewares/Third_Party/LibJPEG/source/jquant2.c:1168:1:start_pass_2_quant	24	static
C:/TouchGFXProjects/TestApp_2/Middlewares/Third_Party/LibJPEG/source/jquant2.c:1245:1:jinit_2pass_quantizer	24	static
