C:/TouchGFXProjects/TestApp_2/TouchGFX/target/STM32TouchController.cpp:32:6:virtual void STM32TouchController::init()	8	static
C:/TouchGFXProjects/TestApp_2/TouchGFX/target/STM32TouchController.cpp:41:6:virtual bool STM32TouchController::sampleTouch(int32_t&, int32_t&)	24	static
../../TouchGFX/target/STM32TouchController.hpp:36:7:STM32TouchController::~STM32TouchController()	0	static
C:/TouchGFXProjects/TestApp_2/TouchGFX/target/STM32TouchController.cpp:74:13:void I2Cx_Error(I2C_HandleTypeDef*, uint8_t)	8	static
C:/TouchGFXProjects/TestApp_2/TouchGFX/target/STM32TouchController.cpp:123:26:HAL_StatusTypeDef I2Cx_WriteMultiple(I2C_HandleTypeDef*, uint8_t, uint16_t, uint16_t, uint8_t*, uint16_t)	32	static
C:/TouchGFXProjects/TestApp_2/TouchGFX/target/STM32TouchController.cpp:93:26:HAL_StatusTypeDef I2Cx_ReadMultiple(I2C_HandleTypeDef*, uint8_t, uint16_t, uint16_t, uint8_t*, uint16_t)	32	static
../../TouchGFX/target/STM32TouchController.hpp:36:7:virtual STM32TouchController::~STM32TouchController()	8	static
C:/TouchGFXProjects/TestApp_2/TouchGFX/target/STM32TouchController.cpp:150:6:void TS_IO_Write(uint8_t, uint8_t, uint8_t)	24	static
C:/TouchGFXProjects/TestApp_2/TouchGFX/target/STM32TouchController.cpp:161:9:uint8_t TS_IO_Read(uint8_t, uint8_t)	24	static
C:/TouchGFXProjects/TestApp_2/TouchGFX/target/STM32TouchController.cpp:175:6:void TS_IO_Delay(uint32_t)	8	static
