../../Drivers/CMSIS/Include/core_cm7.h:2229:22:SCB_EnableICache	0	static,ignoring_inline_asm
../../Drivers/CMSIS/Include/core_cm7.h:2281:22:SCB_EnableDCache	4	static,ignoring_inline_asm
C:/TouchGFXProjects/TestApp_2/Core/Src/main.c:812:6:MPU_Config	32	static
C:/TouchGFXProjects/TestApp_2/Core/Src/main.c:631:13:MX_GPIO_Init	104	static
C:/TouchGFXProjects/TestApp_2/Core/Src/main.c:315:13:MX_CRC_Init	8	static
C:/TouchGFXProjects/TestApp_2/Core/Src/main.c:346:13:MX_DMA2D_Init	8	static
C:/TouchGFXProjects/TestApp_2/Core/Src/main.c:527:13:MX_FMC_Init	72	static
C:/TouchGFXProjects/TestApp_2/Core/Src/main.c:383:13:MX_I2C3_Init	16	static
C:/TouchGFXProjects/TestApp_2/Core/Src/main.c:431:13:MX_LTDC_Init	72	static
C:/TouchGFXProjects/TestApp_2/Core/Src/main.c:779:6:StartDefaultTask	8	static
C:/TouchGFXProjects/TestApp_2/Core/Src/main.c:797:6:genericHardwareTask	8	static
C:/TouchGFXProjects/TestApp_2/Core/Src/main.c:262:6:SystemClock_Config	96	static
C:/TouchGFXProjects/TestApp_2/Core/Src/main.c:710:6:GetManufacturerId	72	static
C:/TouchGFXProjects/TestApp_2/Core/Src/main.c:740:6:EnableMemoryMappedMode	72	static
C:/TouchGFXProjects/TestApp_2/Core/Src/main.c:493:13:MX_QUADSPI_Init	16	static
C:/TouchGFXProjects/TestApp_2/Core/Src/main.c:148:5:main	8	static
C:/TouchGFXProjects/TestApp_2/Core/Src/main.c:855:6:HAL_TIM_PeriodElapsedCallback	8	static
C:/TouchGFXProjects/TestApp_2/Core/Src/main.c:872:6:Error_Handler	0	static
