../../Drivers/CMSIS/Include/core_cm7.h:2229:22:SCB_EnableICache	1
../../Drivers/CMSIS/Include/core_cm7.h:2281:22:SCB_EnableDCache	3
C:/TouchGFXProjects/TestApp_2/Core/Src/main.c:812:6:MPU_Config	1
C:/TouchGFXProjects/TestApp_2/Core/Src/main.c:631:13:MX_GPIO_Init	1
C:/TouchGFXProjects/TestApp_2/Core/Src/main.c:315:13:MX_CRC_Init	1
C:/TouchGFXProjects/TestApp_2/Core/Src/main.c:346:13:MX_DMA2D_Init	1
C:/TouchGFXProjects/TestApp_2/Core/Src/main.c:527:13:MX_FMC_Init	1
C:/TouchGFXProjects/TestApp_2/Core/Src/main.c:383:13:MX_I2C3_Init	1
C:/TouchGFXProjects/TestApp_2/Core/Src/main.c:431:13:MX_LTDC_Init	1
C:/TouchGFXProjects/TestApp_2/Core/Src/main.c:779:6:StartDefaultTask	1
C:/TouchGFXProjects/TestApp_2/Core/Src/main.c:797:6:genericHardwareTask	1
C:/TouchGFXProjects/TestApp_2/Core/Src/main.c:262:6:SystemClock_Config	1
C:/TouchGFXProjects/TestApp_2/Core/Src/main.c:710:6:GetManufacturerId	1
C:/TouchGFXProjects/TestApp_2/Core/Src/main.c:740:6:EnableMemoryMappedMode	2
C:/TouchGFXProjects/TestApp_2/Core/Src/main.c:493:13:MX_QUADSPI_Init	1
C:/TouchGFXProjects/TestApp_2/Core/Src/main.c:148:5:main	1
C:/TouchGFXProjects/TestApp_2/Core/Src/main.c:855:6:HAL_TIM_PeriodElapsedCallback	2
C:/TouchGFXProjects/TestApp_2/Core/Src/main.c:872:6:Error_Handler	1
