C:/TouchGFXProjects/TestApp_2/Core/Src/main.c:779:6:StartDefaultTask	1
C:/TouchGFXProjects/TestApp_2/Core/Src/main.c:797:6:genericHardwareTask	1
C:/TouchGFXProjects/TestApp_2/Core/Src/main.c:262:6:SystemClock_Config	1
C:/TouchGFXProjects/TestApp_2/Core/Src/main.c:710:6:GetManufacturerId	1
C:/TouchGFXProjects/TestApp_2/Core/Src/main.c:740:6:EnableMemoryMappedMode	1
C:/TouchGFXProjects/TestApp_2/Core/Src/main.c:148:5:main	3
C:/TouchGFXProjects/TestApp_2/Core/Src/main.c:855:6:HAL_TIM_PeriodElapsedCallback	2
C:/TouchGFXProjects/TestApp_2/Core/Src/main.c:872:6:Error_Handler	1
