../../Middlewares/ST/touchgfx/framework/include/mvp/Presenter.hpp:37:18:virtual void touchgfx::Presenter::activate()	0	static
../../Middlewares/ST/touchgfx/framework/include/mvp/Presenter.hpp:47:18:virtual void touchgfx::Presenter::deactivate()	0	static
../../Middlewares/ST/touchgfx/framework/include/mvp/Presenter.hpp:52:13:touchgfx::Presenter::~Presenter()	0	static
../../TouchGFX/gui/include/gui/model/ModelListener.hpp:11:13:ModelListener::~ModelListener()	0	static
../../TouchGFX/gui/include/gui/model/ModelListener.hpp:14:18:virtual void ModelListener::textDisplayUpdate_Presenter(float)	0	static
../../TouchGFX/gui/include/gui/screen2_screen/Screen2Presenter.hpp:28:13:Screen2Presenter::~Screen2Presenter()	0	static
C:/TouchGFXProjects/TestApp_2/TouchGFX/gui/src/screen2_screen/Screen2Presenter.cpp:10:6:virtual void Screen2Presenter::activate()	0	static
C:/TouchGFXProjects/TestApp_2/TouchGFX/gui/src/screen2_screen/Screen2Presenter.cpp:15:6:virtual void Screen2Presenter::deactivate()	0	static
../../Middlewares/ST/touchgfx/framework/include/mvp/Presenter.hpp:52:13:virtual touchgfx::Presenter::~Presenter()	8	static
../../TouchGFX/gui/include/gui/model/ModelListener.hpp:11:13:virtual ModelListener::~ModelListener()	8	static
../../TouchGFX/gui/include/gui/screen2_screen/Screen2Presenter.hpp:28:13:virtual Screen2Presenter::~Screen2Presenter()	8	static
C:/TouchGFXProjects/TestApp_2/TouchGFX/gui/src/screen2_screen/Screen2Presenter.cpp:4:1:Screen2Presenter::Screen2Presenter(Screen2View&)	0	static
