../../Middlewares/ST/touchgfx/framework/include/touchgfx/UIEventListener.hpp:44:18:virtual void touchgfx::UIEventListener::handleClickEvent(const touchgfx::ClickEvent&)	0	static
../../Middlewares/ST/touchgfx/framework/include/touchgfx/UIEventListener.hpp:54:18:virtual void touchgfx::UIEventListener::handleDragEvent(const touchgfx::DragEvent&)	0	static
../../Middlewares/ST/touchgfx/framework/include/touchgfx/UIEventListener.hpp:64:18:virtual void touchgfx::UIEventListener::handleGestureEvent(const touchgfx::GestureEvent&)	0	static
../../Middlewares/ST/touchgfx/framework/include/touchgfx/UIEventListener.hpp:74:18:virtual void touchgfx::UIEventListener::handleKeyEvent(uint8_t)	0	static
../../Middlewares/ST/touchgfx/framework/include/touchgfx/UIEventListener.hpp:83:18:virtual void touchgfx::UIEventListener::handleTickEvent()	0	static
../../Middlewares/ST/touchgfx/framework/include/touchgfx/UIEventListener.hpp:88:18:virtual void touchgfx::UIEventListener::handlePendingScreenTransition()	0	static
../../Middlewares/ST/touchgfx/framework/include/touchgfx/UIEventListener.hpp:93:13:touchgfx::UIEventListener::~UIEventListener()	0	static
../../Middlewares/ST/touchgfx/framework/include/touchgfx/Application.hpp:72:18:virtual void touchgfx::Application::changeToStartScreen()	0	static
../../Middlewares/ST/touchgfx/framework/include/touchgfx/Application.hpp:91:18:virtual void touchgfx::Application::appSwitchScreen(uint8_t)	0	static
../../Middlewares/ST/touchgfx/framework/include/touchgfx/Application.hpp:104:18:virtual void touchgfx::Application::requestRedraw(touchgfx::Rect&)	0	static
../../Middlewares/ST/touchgfx/framework/include/touchgfx/transitions/Transition.hpp:47:13:touchgfx::Transition::~Transition()	0	static
../../Middlewares/ST/touchgfx/framework/include/touchgfx/transitions/Transition.hpp:52:18:virtual void touchgfx::Transition::handleTickEvent()	0	static
../../Middlewares/ST/touchgfx/framework/include/touchgfx/transitions/Transition.hpp:72:18:virtual void touchgfx::Transition::tearDown()	0	static
../../Middlewares/ST/touchgfx/framework/include/touchgfx/transitions/Transition.hpp:80:18:virtual void touchgfx::Transition::init()	0	static
../../Middlewares/ST/touchgfx/framework/include/touchgfx/transitions/Transition.hpp:100:18:virtual void touchgfx::Transition::setScreenContainer(touchgfx::Container&)	0	static
../../Middlewares/ST/touchgfx/framework/include/mvp/MVPApplication.hpp:43:7:touchgfx::MVPApplication::~MVPApplication()	0	static
../../TouchGFX/generated/gui_generated/include/gui_generated/common/FrontendApplicationBase.hpp:16:13:FrontendApplicationBase::~FrontendApplicationBase()	0	static
../../Middlewares/ST/touchgfx/framework/include/touchgfx/transitions/NoTransition.hpp:35:18:virtual void touchgfx::NoTransition::handleTickEvent()	0	static
../../Middlewares/ST/touchgfx/framework/include/touchgfx/transitions/BlockTransition.hpp:101:18:virtual void touchgfx::BlockTransition::tearDown()	0	static
../../Middlewares/ST/touchgfx/framework/include/touchgfx/transitions/BlockTransition.hpp:105:18:virtual void touchgfx::BlockTransition::init()	0	static
../../Middlewares/ST/touchgfx/framework/include/touchgfx/transitions/BlockTransition.hpp:114:18:virtual void touchgfx::BlockTransition::invalidate()	0	static
../../Middlewares/ST/touchgfx/framework/include/touchgfx/transitions/BlockTransition.hpp:32:7:touchgfx::BlockTransition::~BlockTransition()	0	static
../../Middlewares/ST/touchgfx/framework/include/touchgfx/transitions/NoTransition.hpp:31:7:touchgfx::NoTransition::~NoTransition()	0	static
../../Middlewares/ST/touchgfx/framework/include/touchgfx/Callback.hpp:424:8:touchgfx::Callback<FrontendApplicationBase>::~Callback()	0	static
../../Middlewares/ST/touchgfx/framework/include/touchgfx/Callback.hpp:449:18:void touchgfx::Callback<dest_type, void, void, void>::execute() [with dest_type = FrontendApplicationBase]	8	static
../../Middlewares/ST/touchgfx/framework/include/touchgfx/Callback.hpp:459:18:bool touchgfx::Callback<dest_type, void, void, void>::isValid() const [with dest_type = FrontendApplicationBase]	0	static
../../Middlewares/ST/touchgfx/framework/include/touchgfx/UIEventListener.hpp:93:13:virtual touchgfx::UIEventListener::~UIEventListener()	8	static
../../Middlewares/ST/touchgfx/framework/include/touchgfx/transitions/NoTransition.hpp:31:7:virtual touchgfx::NoTransition::~NoTransition()	8	static
../../Middlewares/ST/touchgfx/framework/include/touchgfx/transitions/Transition.hpp:47:13:virtual touchgfx::Transition::~Transition()	8	static
../../Middlewares/ST/touchgfx/framework/include/touchgfx/transitions/BlockTransition.hpp:32:7:virtual touchgfx::BlockTransition::~BlockTransition()	8	static
../../Middlewares/ST/touchgfx/framework/include/touchgfx/Callback.hpp:424:8:virtual touchgfx::Callback<FrontendApplicationBase>::~Callback()	8	static
../../Middlewares/ST/touchgfx/framework/include/mvp/MVPApplication.hpp:43:7:virtual touchgfx::MVPApplication::~MVPApplication()	8	static
../../TouchGFX/generated/gui_generated/include/gui_generated/common/FrontendApplicationBase.hpp:16:13:virtual FrontendApplicationBase::~FrontendApplicationBase()	8	static
../../Middlewares/ST/touchgfx/framework/include/touchgfx/transitions/Transition.hpp:89:18:virtual void touchgfx::Transition::invalidate()	8	static
../../Middlewares/ST/touchgfx/framework/include/touchgfx/transitions/BlockTransition.hpp:62:18:virtual void touchgfx::BlockTransition::handleTickEvent()	216	static
../../Middlewares/ST/touchgfx/framework/include/mvp/MVPApplication.hpp:73:10:void touchgfx::MVPApplication::evaluatePendingScreenTransition()	8	static
../../Middlewares/ST/touchgfx/framework/include/mvp/MVPApplication.hpp:59:18:virtual void touchgfx::MVPApplication::handlePendingScreenTransition()	8	static
../../Middlewares/ST/touchgfx/framework/include/touchgfx/transitions/BlockTransition.hpp:38:5:touchgfx::BlockTransition::BlockTransition()	0	static
C:/TouchGFXProjects/TestApp_2/TouchGFX/generated/gui_generated/src/common/FrontendApplicationBase.cpp:21:1:FrontendApplicationBase::FrontendApplicationBase(Model&, FrontendHeap&)	24	static
C:/TouchGFXProjects/TestApp_2/TouchGFX/generated/gui_generated/src/common/FrontendApplicationBase.cpp:40:6:void FrontendApplicationBase::gotoScreen1ScreenNoTransition()	40	static
../../TouchGFX/generated/gui_generated/include/gui_generated/common/FrontendApplicationBase.hpp:18:18:virtual void FrontendApplicationBase::changeToStartScreen()	8	static
C:/TouchGFXProjects/TestApp_2/TouchGFX/generated/gui_generated/src/common/FrontendApplicationBase.cpp:53:6:void FrontendApplicationBase::gotoScreen2ScreenNoTransition()	40	static
C:/TouchGFXProjects/TestApp_2/TouchGFX/generated/gui_generated/src/common/FrontendApplicationBase.cpp:66:6:void FrontendApplicationBase::gotoScreen3ScreenBlockTransition()	40	static
../../Middlewares/ST/touchgfx/framework/include/mvp/MVPApplication.hpp:161:16:PresenterType* touchgfx::makeTransition(Screen**, Presenter**, MVPHeap&, Transition**, ModelType*) [with ScreenType = Screen1View; PresenterType = Screen1Presenter; TransType = NoTransition; ModelType = Model]	40	static
C:/TouchGFXProjects/TestApp_2/TouchGFX/generated/gui_generated/src/common/FrontendApplicationBase.cpp:46:6:void FrontendApplicationBase::gotoScreen1ScreenNoTransitionImpl()	16	static
../../Middlewares/ST/touchgfx/framework/include/mvp/MVPApplication.hpp:161:16:PresenterType* touchgfx::makeTransition(Screen**, Presenter**, MVPHeap&, Transition**, ModelType*) [with ScreenType = Screen2View; PresenterType = Screen2Presenter; TransType = NoTransition; ModelType = Model]	40	static
C:/TouchGFXProjects/TestApp_2/TouchGFX/generated/gui_generated/src/common/FrontendApplicationBase.cpp:59:6:void FrontendApplicationBase::gotoScreen2ScreenNoTransitionImpl()	16	static
../../Middlewares/ST/touchgfx/framework/include/mvp/MVPApplication.hpp:161:16:PresenterType* touchgfx::makeTransition(Screen**, Presenter**, MVPHeap&, Transition**, ModelType*) [with ScreenType = Screen3View; PresenterType = Screen3Presenter; TransType = BlockTransition; ModelType = Model]	32	static
C:/TouchGFXProjects/TestApp_2/TouchGFX/generated/gui_generated/src/common/FrontendApplicationBase.cpp:72:6:void FrontendApplicationBase::gotoScreen3ScreenBlockTransitionImpl()	16	static
